Sending Request to http://localhost:8000/simulate...

[FAILURE] Status: 500
{"detail":"'tail_risk_events'"}

Simulation Test: FAILED

Testing /assumptions...
Assumptions V1.0.0 retrieved. Inflation: 0.055

Testing /scenarios/summary...
Scenario Engine: Monte Carlo (Ornstein-Uhlenbeck) (Default N=500)
